[backblue.gif]
[fade.gif]
[index.html]
[kodeforest.net/html/bon-voyage/favicon-32x32.png]
[kodeforest.net/html/bon-voyage/images/logo_v1.png]
[kodeforest.net/html/bon-voyage/extra-images/banner-01.jpg]
[kodeforest.net/html/bon-voyage/extra-images/banner-02.jpg]
[kodeforest.net/html/bon-voyage/extra-images/banner-03.jpg]
[kodeforest.net/html/bon-voyage/extra-images/blog-img1.jpg]
[kodeforest.net/html/bon-voyage/extra-images/blog-img2.jpg]
[kodeforest.net/html/bon-voyage/extra-images/blog-img3.jpg]
[kodeforest.net/html/bon-voyage/extra-images/blog-img4.jpg]
[kodeforest.net/html/bon-voyage/extra-images/blog-img5.jpg]
[kodeforest.net/html/bon-voyage/extra-images/blog-img6.jpg]
[kodeforest.net/html/bon-voyage/extra-images/location_tour_img1.jpg]
[kodeforest.net/html/bon-voyage/extra-images/location_tour_img2.jpg]
[kodeforest.net/html/bon-voyage/extra-images/location_tour_img3.jpg]
[kodeforest.net/html/bon-voyage/extra-images/location_tour_img4.jpg]
[kodeforest.net/html/bon-voyage/extra-images/location_center_img1.jpg]
[kodeforest.net/html/bon-voyage/extra-images/location_tour_img5.jpg]
[kodeforest.net/html/bon-voyage/extra-images/location_tour_img6.jpg]
[kodeforest.net/html/bon-voyage/extra-images/location_tour_img7.jpg]
[kodeforest.net/html/bon-voyage/extra-images/location_tour_img8.jpg]
[kodeforest.net/html/bon-voyage/extra-images/city-img01.jpg]
[kodeforest.net/html/bon-voyage/extra-images/city-img02.jpg]
[kodeforest.net/html/bon-voyage/extra-images/city-img03.jpg]
[kodeforest.net/html/bon-voyage/extra-images/city-img04.jpg]
[kodeforest.net/html/bon-voyage/extra-images/city-img05.jpg]
[kodeforest.net/html/bon-voyage/extra-images/city-img06.jpg]
[kodeforest.net/html/bon-voyage/extra-images/city-img07.jpg]
[kodeforest.net/html/bon-voyage/extra-images/city-img08.jpg]
[kodeforest.net/html/bon-voyage/extra-images/expert-img01.jpg]
[kodeforest.net/html/bon-voyage/extra-images/expert-img02.jpg]
[kodeforest.net/html/bon-voyage/extra-images/expert-img03.jpg]
[kodeforest.net/html/bon-voyage/extra-images/expert-img04.jpg]
[kodeforest.net/html/bon-voyage/extra-images/testimonial-img1.png]
[kodeforest.net/html/bon-voyage/extra-images/summer-vacaton-img.png]
[kodeforest.net/html/bon-voyage/extra-images/rala-post-img1.jpg]
[kodeforest.net/html/bon-voyage/extra-images/rala-post-img2.jpg]
[kodeforest.net/html/bon-voyage/extra-images/rala-post-img3.jpg]
[kodeforest.net/html/bon-voyage/extra-images/instagram-img01.jpg]
[kodeforest.net/html/bon-voyage/extra-images/instagram-img02.jpg]
[kodeforest.net/html/bon-voyage/extra-images/instagram-img03.jpg]
[kodeforest.net/html/bon-voyage/extra-images/instagram-img04.jpg]
[kodeforest.net/html/bon-voyage/extra-images/instagram-img05.jpg]
[kodeforest.net/html/bon-voyage/extra-images/instagram-img06.jpg]
[kodeforest.net/html/bon-voyage/extra-images/instagram-img07.jpg]
[kodeforest.net/html/bon-voyage/extra-images/instagram-img08.jpg]
[kodeforest.net/html/bon-voyage/extra-images/instagram-img09.jpg]
[kodeforest.net/html/bon-voyage/extra-images/instagram-img10.jpg]
[kodeforest.net/html/bon-voyage/extra-images/instagram-img11.jpg]
[kodeforest.net/html/bon-voyage/extra-images/instagram-img12.jpg]
[kodeforest.net/html/bon-voyage/extra-images/instagram-img13.jpg]
[kodeforest.net/html/bon-voyage/extra-images/widget-gallery-img1.jpg]
[kodeforest.net/html/bon-voyage/extra-images/widget-gallery-img2.jpg]
[kodeforest.net/html/bon-voyage/extra-images/widget-gallery-img3.jpg]
[kodeforest.net/html/bon-voyage/extra-images/widget-gallery-img4.jpg]
[kodeforest.net/html/bon-voyage/extra-images/widget-gallery-img5.jpg]
[kodeforest.net/html/bon-voyage/extra-images/widget-gallery-img6.jpg]
[kodeforest.net/html/bon-voyage/images/card-1.jpg]
[kodeforest.net/html/bon-voyage/images/card-2.jpg]
[kodeforest.net/html/bon-voyage/images/card-3.jpg]
[kodeforest.net/html/bon-voyage/images/card-4.jpg]
[kodeforest.net/html/bon-voyage/js/jquery.js]
[kodeforest.net/html/bon-voyage/js/modernizr.custom.js]
[kodeforest.net/html/bon-voyage/js/jquery.easing.min.js]
[kodeforest.net/html/bon-voyage/js/bootstrap.min.js]
[kodeforest.net/html/bon-voyage/js/datepicker.js]
[kodeforest.net/html/bon-voyage/js/selectric.js]
[kodeforest.net/html/bon-voyage/js/slick.js]
[kodeforest.net/html/bon-voyage/js/rateing-stars.js]
[kodeforest.net/html/bon-voyage/js/filtrable-gallery.js]
[kodeforest.net/html/bon-voyage/js/jquery.drawsvg.min.js]
[kodeforest.net/html/bon-voyage/js/effects/demo.js]
[kodeforest.net/html/bon-voyage/js/effects/demo3.js]
[kodeforest.net/html/bon-voyage/js/effects/easings.js]
[kodeforest.net/html/bon-voyage/js/tilt.jquery.min.js]
[kodeforest.net/html/bon-voyage/js/jquery.zoom.min.js]
[kodeforest.net/html/bon-voyage/js/jquery.ripples-min.js]
[kodeforest.net/html/bon-voyage/js/tooltip.js]
[kodeforest.net/html/bon-voyage/js/prettyphoto/prettyphoto.js]
[kodeforest.net/html/bon-voyage/js/responsive-menu/responsive.jquery.js]
[kodeforest.net/html/bon-voyage/js/custom.js]
[kodeforest.net/html/bon-voyage/index.html]
[kodeforest.net/html/bon-voyage/fonts/glyphicons-halflings-regular.eot]
[kodeforest.net/html/bon-voyage/fonts/glyphicons-halflings-regular.woff2]
[kodeforest.net/html/bon-voyage/fonts/glyphicons-halflings-regulard41d.eot]
[kodeforest.net/html/bon-voyage/fonts/glyphicons-halflings-regular.woff]
[kodeforest.net/html/bon-voyage/fonts/glyphicons-halflings-regular.ttf]
[kodeforest.net/html/bon-voyage/css/bootstrap.min.css]
[kodeforest.net/html/bon-voyage/fonts/fontawesome-webfont3e6e.eot]
[kodeforest.net/html/bon-voyage/fonts/fontawesome-webfontd41d.eot]
[kodeforest.net/html/bon-voyage/fonts/fontawesome-webfont3e6e.woff2]
[kodeforest.net/html/bon-voyage/fonts/fontawesome-webfont3e6e.woff]
[kodeforest.net/html/bon-voyage/fonts/fontawesome-webfont3e6e.ttf]
[kodeforest.net/html/bon-voyage/css/font-awesome.min.css]
[kodeforest.net/html/bon-voyage/css/animation.css]
[kodeforest.net/html/bon-voyage/css/datepicker.css]
[kodeforest.net/html/bon-voyage/css/selectric.css]
[kodeforest.net/html/bon-voyage/css/slick.css]
[kodeforest.net/html/bon-voyage/js/responsive-menu/responsive.css]
[kodeforest.net/html/bon-voyage/fonts/icomoonebbb.eot]
[kodeforest.net/html/bon-voyage/fonts/icomoonebbb.ttf]
[kodeforest.net/html/bon-voyage/fonts/icomoonebbb.woff]
[kodeforest.net/html/bon-voyage/css/icons.css]
[kodeforest.net/html/bon-voyage/js/prettyphoto/prettyPhoto.css]
[kodeforest.net/html/bon-voyage/css/svg-creater.css]
[kodeforest.net/html/bon-voyage/fonts/artill_clean_icons-webfont.eot]
[kodeforest.net/html/bon-voyage/fonts/artill_clean_icons-webfont.woff]
[kodeforest.net/html/bon-voyage/fonts/artill_clean_icons-webfontd41d.eot]
[kodeforest.net/html/bon-voyage/fonts/artill_clean_icons-webfont.ttf]
[kodeforest.net/html/bon-voyage/css/typography.css]
[kodeforest.net/html/bon-voyage/images/haeding_bar.png]
[kodeforest.net/html/bon-voyage/images/haeding_bar-white.png]
[kodeforest.net/html/bon-voyage/images/pre-loader.gif]
[kodeforest.net/html/bon-voyage/css/shortcodes.css]
[kodeforest.net/html/bon-voyage/images/travel-footer-bg1.jpg]
[kodeforest.net/html/bon-voyage/css/widget.css]
[kodeforest.net/html/bon-voyage/css/colors.css]
[kodeforest.net/html/bon-voyage/extra-images/sub-banner1.jpg]
[kodeforest.net/html/bon-voyage/extra-images/banner-tour-01.jpg]
[kodeforest.net/html/bon-voyage/images/search-bg/bg.png]
[kodeforest.net/html/bon-voyage/images/search-bg/01.png]
[kodeforest.net/html/bon-voyage/images/search-bg/02.png]
[kodeforest.net/html/bon-voyage/images/search-bg/03.png]
[kodeforest.net/html/bon-voyage/images/search-bg/04.png]
[kodeforest.net/html/bon-voyage/images/search-bg/05.png]
[kodeforest.net/html/bon-voyage/images/offers-blog-bg.jpg]
[kodeforest.net/html/bon-voyage/images/sub-banner-destinations.jpg]
[kodeforest.net/html/bon-voyage/images/pattren-img1.jpg]
[kodeforest.net/html/bon-voyage/images/pattern-bg.png]
[kodeforest.net/html/bon-voyage/extra-images/blog-services-img01.jpg]
[kodeforest.net/html/bon-voyage/extra-images/blog-services-img02.jpg]
[kodeforest.net/html/bon-voyage/extra-images/blog-services-img03.jpg]
[kodeforest.net/html/bon-voyage/extra-images/blog-services-img04.jpg]
[kodeforest.net/html/bon-voyage/extra-images/blog-services-img07.jpg]
[kodeforest.net/html/bon-voyage/extra-images/blog-services-img08.jpg]
[kodeforest.net/html/bon-voyage/extra-images/blog-services-img09.jpg]
[kodeforest.net/html/bon-voyage/extra-images/blog-services-img10.jpg]
[kodeforest.net/html/bon-voyage/extra-images/blog-services-img11.jpg]
[kodeforest.net/html/bon-voyage/extra-images/blog-services-img12.jpg]
[kodeforest.net/html/bon-voyage/extra-images/blog-services-img13.jpg]
[kodeforest.net/html/bon-voyage/extra-images/blog-services-img14.jpg]
[kodeforest.net/html/bon-voyage/images/coming-soon-bg1.jpg]
[kodeforest.net/html/bon-voyage/images/waves-border.png]
[kodeforest.net/html/bon-voyage/style.css]
[kodeforest.net/html/bon-voyage/css/responsive.css]
[kodeforest.net/html/bon-voyage/js/scrolling-nav.js]
[kodeforest.net/html/bon-voyage/login.html]
[kodeforest.net/html/bon-voyage/register.html]
[kodeforest.net/html/bon-voyage/index-2.html]
[kodeforest.net/html/bon-voyage/js/jquery-ui/jquery-ui.js]
[kodeforest.net/html/bon-voyage/js/weather.js]
[kodeforest.net/html/bon-voyage/destinations.html]
[kodeforest.net/html/bon-voyage/extra-images/destinations02-img1.jpg]
[kodeforest.net/html/bon-voyage/extra-images/destinations02-img2.jpg]
[kodeforest.net/html/bon-voyage/extra-images/destinations02-img3.jpg]
[kodeforest.net/html/bon-voyage/extra-images/destinations02-img4.jpg]
[kodeforest.net/html/bon-voyage/extra-images/destinations02-img5.jpg]
[kodeforest.net/html/bon-voyage/extra-images/destinations02-img6.jpg]
[kodeforest.net/html/bon-voyage/extra-images/destinations02-img7.jpg]
[kodeforest.net/html/bon-voyage/extra-images/destinations02-img8.jpg]
[kodeforest.net/html/bon-voyage/extra-images/destinations02-img9.jpg]
[kodeforest.net/html/bon-voyage/destinations-02.html]
[kodeforest.net/html/bon-voyage/extra-images/destinations-gallery-01.jpg]
[kodeforest.net/html/bon-voyage/extra-images/destinations-gallery-02.jpg]
[kodeforest.net/html/bon-voyage/extra-images/destinations-gallery-03.jpg]
[kodeforest.net/html/bon-voyage/extra-images/destinations-gallery-04.jpg]
[kodeforest.net/html/bon-voyage/extra-images/destinations-gallery-05.jpg]
[kodeforest.net/html/bon-voyage/extra-images/destinations-gallery-06.jpg]
[kodeforest.net/html/bon-voyage/destinations-03.html]
[kodeforest.net/html/bon-voyage/extra-images/destinations-grid-01.jpg]
[kodeforest.net/html/bon-voyage/extra-images/destinations-grid-02.jpg]
[kodeforest.net/html/bon-voyage/extra-images/destinations-grid-03.jpg]
[kodeforest.net/html/bon-voyage/extra-images/destinations-grid-04.jpg]
[kodeforest.net/html/bon-voyage/extra-images/destinations-grid-05.jpg]
[kodeforest.net/html/bon-voyage/extra-images/destinations-grid-06.jpg]
[kodeforest.net/html/bon-voyage/extra-images/destinations-grid-07.jpg]
[kodeforest.net/html/bon-voyage/extra-images/destinations-grid-08.jpg]
[kodeforest.net/html/bon-voyage/extra-images/destinations-grid-09.jpg]
[kodeforest.net/html/bon-voyage/extra-images/destinations-grid-10.jpg]
[kodeforest.net/html/bon-voyage/extra-images/destinations-grid-11.jpg]
[kodeforest.net/html/bon-voyage/extra-images/destinations-grid-12.jpg]
[kodeforest.net/html/bon-voyage/js/accordian.js]
[kodeforest.net/html/bon-voyage/destinations-04.html]
[kodeforest.net/html/bon-voyage/extra-images/paris-img.jpg]
[kodeforest.net/html/bon-voyage/extra-images/culture_img2.jpg]
[kodeforest.net/html/bon-voyage/extra-images/culture_img1.jpg]
[kodeforest.net/html/bon-voyage/extra-images/paris-blog-img01.jpg]
[kodeforest.net/html/bon-voyage/extra-images/paris-blog-img02.jpg]
[kodeforest.net/html/bon-voyage/extra-images/paris-blog-img03.jpg]
[kodeforest.net/html/bon-voyage/extra-images/paris-blog-img04.jpg]
[kodeforest.net/html/bon-voyage/extra-images/show-slide-1.jpg]
[kodeforest.net/html/bon-voyage/extra-images/show-slide-2.jpg]
[kodeforest.net/html/bon-voyage/extra-images/show-slide-3.jpg]
[kodeforest.net/html/bon-voyage/extra-images/show-slide-4.jpg]
[kodeforest.net/html/bon-voyage/extra-images/show-slide-5.jpg]
[kodeforest.net/html/bon-voyage/extra-images/thumbnail-img01.jpg]
[kodeforest.net/html/bon-voyage/extra-images/thumbnail-img02.jpg]
[kodeforest.net/html/bon-voyage/extra-images/thumbnail-img03.jpg]
[kodeforest.net/html/bon-voyage/extra-images/thumbnail-img04.jpg]
[kodeforest.net/html/bon-voyage/extra-images/thumbnail-img05.jpg]
[kodeforest.net/html/bon-voyage/extra-images/tabel-row-column.jpg]
[kodeforest.net/html/bon-voyage/js/map-pins.js]
[kodeforest.net/html/bon-voyage/js/videoplay/jplayer.min.js]
[kodeforest.net/html/bon-voyage/destinations-detail.html]
[kodeforest.net/html/bon-voyage/extra-images/blog-img7.jpg]
[kodeforest.net/html/bon-voyage/extra-images/blog-img8.jpg]
[kodeforest.net/html/bon-voyage/extra-images/blog-img9.jpg]
[kodeforest.net/html/bon-voyage/tour-01.html]
[kodeforest.net/html/bon-voyage/tour-02.html]
[kodeforest.net/html/bon-voyage/js/jquery-ui/range-slider.js]
[kodeforest.net/html/bon-voyage/tour-sidebar.html]
[kodeforest.net/html/bon-voyage/js/location-finder.js]
[kodeforest.net/html/bon-voyage/tour-sidebar-02.html]
[kodeforest.net/html/bon-voyage/extra-images/list-grid-img01.jpg]
[kodeforest.net/html/bon-voyage/extra-images/list-grid-img02.jpg]
[kodeforest.net/html/bon-voyage/extra-images/list-grid-img03.jpg]
[kodeforest.net/html/bon-voyage/extra-images/list-grid-img04.jpg]
[kodeforest.net/html/bon-voyage/extra-images/list-grid-img05.jpg]
[kodeforest.net/html/bon-voyage/tour-sidebar-03.html]
[kodeforest.net/html/bon-voyage/extra-images/form-gallery-img01.jpg]
[kodeforest.net/html/bon-voyage/extra-images/form-gallery-img02.jpg]
[kodeforest.net/html/bon-voyage/extra-images/form-gallery-img03.jpg]
[kodeforest.net/html/bon-voyage/extra-images/form-gallery-img04.jpg]
[kodeforest.net/html/bon-voyage/extra-images/form-gallery-img05.jpg]
[kodeforest.net/html/bon-voyage/extra-images/form-gallery-img06.jpg]
[kodeforest.net/html/bon-voyage/extra-images/play-video-img1.jpg]
[kodeforest.net/html/bon-voyage/extra-images/play-video-img2.jpg]
[kodeforest.net/html/bon-voyage/extra-images/tour-list-blog1.jpg]
[kodeforest.net/html/bon-voyage/extra-images/tour-list-blog2.jpg]
[kodeforest.net/html/bon-voyage/extra-images/tour-list-blog3.jpg]
[kodeforest.net/html/bon-voyage/extra-images/tour-list-blog4.jpg]
[kodeforest.net/html/bon-voyage/extra-images/tour-list-blog5.jpg]
[kodeforest.net/html/bon-voyage/extra-images/tour-list-blog6.jpg]
[kodeforest.net/html/bon-voyage/extra-images/tour-list-style1.jpg]
[kodeforest.net/html/bon-voyage/extra-images/tour-list-style2.jpg]
[kodeforest.net/html/bon-voyage/extra-images/tour-list-style3.jpg]
[kodeforest.net/html/bon-voyage/extra-images/reviews-img01.jpg]
[kodeforest.net/html/bon-voyage/extra-images/reviews-img02.jpg]
[kodeforest.net/html/bon-voyage/extra-images/reviews-img03.jpg]
[kodeforest.net/html/bon-voyage/images/recapcha.png]
[kodeforest.net/html/bon-voyage/extra-images/review-img01.jpg]
[kodeforest.net/html/bon-voyage/extra-images/ralated-post1.jpg]
[kodeforest.net/html/bon-voyage/extra-images/ralated-post2.jpg]
[kodeforest.net/html/bon-voyage/extra-images/ralated-post3.jpg]
[kodeforest.net/html/bon-voyage/tour-detail.html]
[kodeforest.net/html/bon-voyage/extra-images/hot-deals-img1.jpg]
[kodeforest.net/html/bon-voyage/extra-images/hot-deals-img2.jpg]
[kodeforest.net/html/bon-voyage/extra-images/hot-deals-img3.jpg]
[kodeforest.net/html/bon-voyage/extra-images/hot-deals-img4.jpg]
[kodeforest.net/html/bon-voyage/extra-images/hot-deals-img5.jpg]
[kodeforest.net/html/bon-voyage/extra-images/hot-deals-img6.jpg]
[kodeforest.net/html/bon-voyage/extra-images/hot-deals-img7.jpg]
[kodeforest.net/html/bon-voyage/extra-images/hot-deals-img8.jpg]
[kodeforest.net/html/bon-voyage/hot-deals.html]
[kodeforest.net/html/bon-voyage/extra-images/1blog-grid-01.jpg]
[kodeforest.net/html/bon-voyage/extra-images/1blog-grid-02.jpg]
[kodeforest.net/html/bon-voyage/images/brands-img01.png]
[kodeforest.net/html/bon-voyage/images/brands-img02.png]
[kodeforest.net/html/bon-voyage/images/brands-img03.png]
[kodeforest.net/html/bon-voyage/images/brands-img04.png]
[kodeforest.net/html/bon-voyage/images/brands-img05.png]
[kodeforest.net/html/bon-voyage/images/brands-img06.png]
[kodeforest.net/html/bon-voyage/about-us.html]
[kodeforest.net/html/bon-voyage/extra-images/rala-post-img4.jpg]
[kodeforest.net/html/bon-voyage/extra-images/rala-post-img5.jpg]
[kodeforest.net/html/bon-voyage/extra-images/rala-post-img6.jpg]
[kodeforest.net/html/bon-voyage/extra-images/rala-post-img7.jpg]
[kodeforest.net/html/bon-voyage/extra-images/rala-post-img8.jpg]
[kodeforest.net/html/bon-voyage/extra-images/rala-post-img9.jpg]
[kodeforest.net/html/bon-voyage/blog.html]
[kodeforest.net/html/bon-voyage/extra-images/post-record-img1.jpg]
[kodeforest.net/html/bon-voyage/extra-images/post-record-img2.jpg]
[kodeforest.net/html/bon-voyage/extra-images/post-record-img3.jpg]
[kodeforest.net/html/bon-voyage/extra-images/post-record-img4.jpg]
[kodeforest.net/html/bon-voyage/extra-images/post-record-img5.jpg]
[kodeforest.net/html/bon-voyage/extra-images/post-record-img6.jpg]
[kodeforest.net/html/bon-voyage/extra-images/post-record-img7.jpg]
[kodeforest.net/html/bon-voyage/extra-images/post-record-img8.jpg]
[kodeforest.net/html/bon-voyage/extra-images/post-record-img9.jpg]
[kodeforest.net/html/bon-voyage/blog-post.html]
[kodeforest.net/html/bon-voyage/blog-post-02.html]
[kodeforest.net/html/bon-voyage/extra-images/rala-post-img10.jpg]
[kodeforest.net/html/bon-voyage/extra-images/widget-posts-img01.jpg]
[kodeforest.net/html/bon-voyage/extra-images/widget-posts-img02.jpg]
[kodeforest.net/html/bon-voyage/extra-images/widget-posts-img03.jpg]
[kodeforest.net/html/bon-voyage/extra-images/update-pics-img1.jpg]
[kodeforest.net/html/bon-voyage/extra-images/update-pics-img2.jpg]
[kodeforest.net/html/bon-voyage/extra-images/update-pics-img3.jpg]
[kodeforest.net/html/bon-voyage/extra-images/update-pics-img4.jpg]
[kodeforest.net/html/bon-voyage/extra-images/update-pics-img5.jpg]
[kodeforest.net/html/bon-voyage/extra-images/update-pics-img6.jpg]
[kodeforest.net/html/bon-voyage/extra-images/update-pics-img7.jpg]
[kodeforest.net/html/bon-voyage/blog-post-sidebar.html]
[kodeforest.net/html/bon-voyage/extra-images/full-blog-img1.jpg]
[kodeforest.net/html/bon-voyage/extra-images/full-blog-img2.jpg]
[kodeforest.net/html/bon-voyage/extra-images/full-blog-img3.jpg]
[kodeforest.net/html/bon-voyage/extra-images/full-blog-img4.jpg]
[kodeforest.net/html/bon-voyage/blog-post-sidebar-2.html]
[kodeforest.net/html/bon-voyage/extra-images/re-tour-img1.jpg]
[kodeforest.net/html/bon-voyage/extra-images/re-tour-img2.jpg]
[kodeforest.net/html/bon-voyage/extra-images/author-img1.jpg]
[kodeforest.net/html/bon-voyage/extra-images/comment-img1.jpg]
[kodeforest.net/html/bon-voyage/extra-images/comment-img2.jpg]
[kodeforest.net/html/bon-voyage/blog-detail.html]
[kodeforest.net/html/bon-voyage/extra-images/expert-img05.jpg]
[kodeforest.net/html/bon-voyage/extra-images/expert-img06.jpg]
[kodeforest.net/html/bon-voyage/extra-images/expert-img07.jpg]
[kodeforest.net/html/bon-voyage/extra-images/expert-img08.jpg]
[kodeforest.net/html/bon-voyage/team.html]
[kodeforest.net/html/bon-voyage/404.html]
[kodeforest.net/html/bon-voyage/images/coming-soon-logo.png]
[kodeforest.net/html/bon-voyage/js/count-down.js]
[kodeforest.net/html/bon-voyage/js/typed.js]
[kodeforest.net/html/bon-voyage/comming-soon.html]
[kodeforest.net/html/bon-voyage/extra-images/shop-img01.jpg]
[kodeforest.net/html/bon-voyage/extra-images/shop-img02.jpg]
[kodeforest.net/html/bon-voyage/extra-images/shop-img03.jpg]
[kodeforest.net/html/bon-voyage/extra-images/shop-img04.jpg]
[kodeforest.net/html/bon-voyage/shop.html]
[kodeforest.net/html/bon-voyage/js/map-general.js]
[kodeforest.net/html/bon-voyage/contact-us.html]
[kodeforest.net/html/bon-voyage/extra-images/instagram-img14.html]
[kodeforest.net/html/bon-voyage/fonts/glyphicons-halflings-regular.svg]
[kodeforest.net/html/bon-voyage/fonts/fontawesome-webfont3e6e.svg]
[kodeforest.net/html/bon-voyage/fonts/icomoonebbb.svg]
[kodeforest.net/html/bon-voyage/js/images/prettyPhoto/default/sprite.html]
[kodeforest.net/html/bon-voyage/js/images/prettyPhoto/default/sprite_x.html]
[kodeforest.net/html/bon-voyage/js/images/prettyPhoto/default/sprite_y.html]
[kodeforest.net/html/bon-voyage/js/images/prettyPhoto/default/sprite_next.html]
[kodeforest.net/html/bon-voyage/js/images/prettyPhoto/default/sprite_prev.html]
[kodeforest.net/html/bon-voyage/js/images/prettyPhoto/default/default_thumb.html]
[kodeforest.net/html/bon-voyage/js/images/prettyPhoto/default/loader.html]
[kodeforest.net/html/bon-voyage/js/images/prettyPhoto/light_rounded/sprite.html]
[kodeforest.net/html/bon-voyage/js/images/prettyPhoto/light_rounded/btnNext.html]
[kodeforest.net/html/bon-voyage/js/images/prettyPhoto/light_rounded/btnPrevious.html]
[kodeforest.net/html/bon-voyage/js/images/prettyPhoto/light_rounded/loader.html]
[kodeforest.net/html/bon-voyage/js/images/prettyPhoto/dark_rounded/sprite.html]
[kodeforest.net/html/bon-voyage/js/images/prettyPhoto/dark_rounded/contentPattern.html]
[kodeforest.net/html/bon-voyage/js/images/prettyPhoto/dark_rounded/btnNext.html]
[kodeforest.net/html/bon-voyage/js/images/prettyPhoto/dark_rounded/btnPrevious.html]
[kodeforest.net/html/bon-voyage/js/images/prettyPhoto/dark_rounded/loader.html]
[kodeforest.net/html/bon-voyage/js/images/prettyPhoto/dark_square/loader.html]
[kodeforest.net/html/bon-voyage/js/images/prettyPhoto/dark_square/sprite.html]
[kodeforest.net/html/bon-voyage/js/images/prettyPhoto/dark_square/btnNext.html]
[kodeforest.net/html/bon-voyage/js/images/prettyPhoto/dark_square/btnPrevious.html]
[kodeforest.net/html/bon-voyage/js/images/prettyPhoto/light_square/sprite.html]
[kodeforest.net/html/bon-voyage/js/images/prettyPhoto/light_square/btnNext.html]
[kodeforest.net/html/bon-voyage/js/images/prettyPhoto/light_square/btnPrevious.html]
[kodeforest.net/html/bon-voyage/js/images/prettyPhoto/facebook/sprite.html]
[kodeforest.net/html/bon-voyage/js/images/prettyPhoto/facebook/contentPatternTop.html]
[kodeforest.net/html/bon-voyage/js/images/prettyPhoto/facebook/contentPatternLeft.html]
[kodeforest.net/html/bon-voyage/js/images/prettyPhoto/facebook/contentPatternRight.html]
[kodeforest.net/html/bon-voyage/js/images/prettyPhoto/facebook/loader.html]
[kodeforest.net/html/bon-voyage/js/images/prettyPhoto/facebook/btnNext.html]
[kodeforest.net/html/bon-voyage/js/images/prettyPhoto/facebook/btnPrevious.html]
[kodeforest.net/html/bon-voyage/js/images/prettyPhoto/facebook/contentPatternBottom.html]
[kodeforest.net/html/bon-voyage/js/images/prettyPhoto/facebook/default_thumbnail.html]
[kodeforest.net/html/bon-voyage/js/jquery-ui/jquery-ui.css]
[kodeforest.net/html/bon-voyage/js/videoplay/jplayer.min.css]
[kodeforest.net/html/bon-voyage/js/jquery-ui/range-slider.css]
[kodeforest.net/html/bon-voyage/js/image/jplayer.pink.flag.html]
[kodeforest.net/html/bon-voyage/js/image/jplayer.pink.flag.seeking.html]
